// Vitest Snapshot v1, https://vitest.dev/guide/snapshot.html

exports[`the corpus > splits every section the same way as before 1`] = `
{
  "beginning-chemistry 1.2": [
    "Example 1.2.1: Solution, 1 paragraph(s)",
    "Exercise 1.2.1: Answers, 4 paragraph(s)",
    "Example 1.2.2: Solution, 1 paragraph(s)",
    "Exercise 1.2.2: Answers, 4 paragraph(s)",
    "Example 1.2.3: Solution, 1 paragraph(s)",
    "Exercise 1.2.3: Answers, 4 paragraph(s)",
  ],
  "beginning-chemistry 1.3": [
    "Example 1.3.1: Solution, 1 paragraph(s)",
    "Exercise 1.3.1: Answers, 4 paragraph(s)",
    "Exercise 1.3.2: Answers, 4 paragraph(s)",
  ],
  "beginning-chemistry 10.2": [
    "Example 10.2.1: Solution, 1 paragraph(s)",
    "Exercise 10.2.1: Answers, 1 paragraph(s)",
  ],
  "beginning-chemistry 10.3": [
    "Example 10.3.1: Solution, 3 paragraph(s)",
    "Exercise 10.3.1: Answer, 1 paragraph(s)",
    "Example 10.3.2: Solution, 3 paragraph(s)",
    "Exercise 10.3.2: Answer, 1 paragraph(s)",
  ],
  "beginning-chemistry 10.4": [
    "Example 10.4.1: Solution, 4 paragraph(s)",
    "Exercise 10.4.1: Answer, 1 paragraph(s)",
  ],
  "beginning-chemistry 10.5": [
    "Example 10.5.1: Solution, 1 paragraph(s)",
    "Exercise 10.5.1: Answers, 1 paragraph(s)",
  ],
  "beginning-chemistry 11.2": [
    "Example 11.2.1: Solution, 1 paragraph(s)",
    "Exercise 11.2.1: Answer, 1 paragraph(s)",
    "Example 11.2.2: Solution, 1 paragraph(s)",
    "Exercise 11.2.2: Answer, 1 paragraph(s)",
  ],
  "beginning-chemistry 11.3": [
    "Example 11.3.1: Solution, 6 paragraph(s)",
    "Exercise 11.3.1: Answer, 1 paragraph(s)",
    "Example 11.3.2: Solution, 4 paragraph(s)",
    "Exercise 11.3.2: Answer, 1 paragraph(s)",
    "Example 11.3.3: Solution, 5 paragraph(s)",
    "Exercise 11.3.3: Answer, 1 paragraph(s)",
    "Example 11.3.4: Solution, 2 paragraph(s)",
    "Exercise 11.3.4: Answer, 1 paragraph(s)",
    "Example 11.3.5: Solution, 2 paragraph(s)",
    "Exercise 11.3.5: Answer, 1 paragraph(s)",
    "Example 11.3.6: Solution, 6 paragraph(s)",
    "Exercise 11.3.6: Answer, 1 paragraph(s)",
  ],
  "beginning-chemistry 11.4": [
    "Example 11.4.1: Solution, 5 paragraph(s)",
    "Exercise 11.4.1: Answer, 1 paragraph(s)",
  ],
  "beginning-chemistry 11.5": [
    "Example 11.5.1: Solution, 2 paragraph(s)",
    "Exercise 11.5.1: Answer, 1 paragraph(s)",
    "Example 11.5.2: Solution, 2 paragraph(s)",
    "Exercise 11.5.2: Answer, 1 paragraph(s)",
    "Example 11.5.3: Solution, 4 paragraph(s)",
    "Exercise 11.5.3: Answer, 1 paragraph(s)",
    "Example 11.5.4: Solution, 6 paragraph(s)",
    "Exercise 11.5.4: Answer, 1 paragraph(s)",
    "Example 11.5.5: Solution, 3 paragraph(s)",
    "Exercise 11.5.5: Answer, 1 paragraph(s)",
  ],
  "beginning-chemistry 11.6": [
    "Example 11.6.1: Solution, 9 paragraph(s)",
    "Exercise 11.6.1: Answer, 1 paragraph(s)",
    "Example 11.6.2: Solution, 13 paragraph(s)",
    "Exercise 11.6.2: Answer, 1 paragraph(s)",
    "Example 11.6.3: Solution, 5 paragraph(s)",
    "Exercise 11.6.3: Answer, 1 paragraph(s)",
    "Example 11.6.4: Solution, 5 paragraph(s)",
    "Exercise 11.6.4: Answer, 1 paragraph(s)",
    "Example 11.6.5: Solution, 9 paragraph(s)",
    "Exercise 11.6.5: Answer, 1 paragraph(s)",
  ],
  "beginning-chemistry 11.7": [
    "Example 11.7.1: Solution, 3 paragraph(s)",
    "Exercise 11.7.1: Answer, 1 paragraph(s)",
    "Example 11.7.2: Solution, 4 paragraph(s)",
    "Exercise 11.7.2: Answer, 1 paragraph(s)",
  ],
  "beginning-chemistry 12.2": [
    "Example 12.2.1: Solution, 1 paragraph(s)",
    "Exercise 12.2.1: Answer, 1 paragraph(s)",
    "Example 12.2.2: Solution, 4 paragraph(s)",
    "Exercise 12.2.2: Answer, 1 paragraph(s)",
  ],
  "beginning-chemistry 12.3": [
    "Example 12.3.1: Solution, 1 paragraph(s)",
    "Exercise 12.3.1: Answer, 1 paragraph(s)",
    "Example 12.3.2: Solution, 1 paragraph(s)",
    "Exercise 12.3.2: Answer, 1 paragraph(s)",
  ],
  "beginning-chemistry 12.4": [
    "Example 12.4.1: Solution, 6 paragraph(s)",
    "Exercise 12.4.1: Answer, 1 paragraph(s)",
  ],
  "beginning-chemistry 12.5": [
    "Example 12.5.1: Solution, 1 paragraph(s)",
    "Exercise 12.5.1: Answers, 4 paragraph(s)",
    "Example 12.5.2: Solution, 3 paragraph(s)",
    "Exercise 12.5.2: Answer, 2 paragraph(s)",
    "Example 12.5.3: Solution, 1 paragraph(s)",
    "Exercise 12.5.3: Answers, 4 paragraph(s)",
  ],
  "beginning-chemistry 12.6": [
    "Example 12.6.1: Solution, 5 paragraph(s)",
    "Exercise 12.6.1: Answer, 1 paragraph(s)",
    "Example 12.6.2: Solution, 5 paragraph(s)",
    "Exercise 12.6.2: Answer, 1 paragraph(s)",
    "Example 12.6.3: Solution, 5 paragraph(s)",
    "Exercise 12.6.3: Answer, 1 paragraph(s)",
  ],
  "beginning-chemistry 12.7": [
    "Example 12.7.1: Solution, 1 paragraph(s)",
    "Exercise 12.7.1: Answers, 1 paragraph(s)",
  ],
  "beginning-chemistry 12.8": [
    "Example 12.8.1: Solution, 2 paragraph(s)",
    "Exercise 12.8.1: Answers, 9 paragraph(s)",
  ],
  "beginning-chemistry 13.2": [
    "Example 13.2.1: Solution, 3 paragraph(s)",
    "Exercise 13.2.1: Answer, 2 paragraph(s)",
  ],
  "beginning-chemistry 13.3": [
    "Example 13.3.1: Solution, 9 paragraph(s)",
    "Exercise 13.3.1: Answer, 1 paragraph(s)",
    "Example 13.3.2: Solution, 9 paragraph(s)",
    "Exercise 13.3.2: Answer, 1 paragraph(s)",
    "Example 13.3.3: Solution, 4 paragraph(s)",
    "Exercise 13.3.3: Answer, 1 paragraph(s)",
    "Example 13.3.4: Solution, 9 paragraph(s)",
    "Exercise 13.3.4: Answer, 1 paragraph(s)",
  ],
  "beginning-chemistry 13.4": [
    "Example 13.4.1: Solution, 1 paragraph(s)",
    "Exercise 13.4.1: Answers, 1 paragraph(s)",
    "Example 13.4.2: Solution, 1 paragraph(s)",
    "Exercise 13.4.2: Answer, 1 paragraph(s)",
    "Example 13.4.3: Solution, 1 paragraph(s)",
    "Exercise 13.4.3: Answer, 1 paragraph(s)",
    "Exercise 13.4.1: Answers, 2 paragraph(s)",
  ],
  "beginning-chemistry 13.5": [
    "Example 13.5.1: Solution, 20 paragraph(s)",
    "Exercise 13.5.1: Answer, 3 paragraph(s)",
  ],
  "beginning-chemistry 13.6": [
    "Example 13.6.1: Solution, 4 paragraph(s)",
    "Exercise 13.6.1: Answer, 1 paragraph(s)",
    "Example 13.6.2: Solution, 18 paragraph(s)",
    "Exercise 13.6.2: Answer, 1 paragraph(s)",
    "Example 13.6.3: Solution, 4 paragraph(s)",
    "Exercise 13.6.3: Answer, 1 paragraph(s)",
    "Example 13.6.4: Solution, 4 paragraph(s)",
    "Exercise 13.6.4: Answer, 1 paragraph(s)",
    "Example 13.6.5: Solution, 13 paragraph(s)",
    "Exercise 13.6.5: Answer, 1 paragraph(s)",
    "Example 13.6.6: Solution, 20 paragraph(s)",
    "Exercise 13.6.6: Answer, 1 paragraph(s)",
  ],
  "beginning-chemistry 14.2": [
    "Example 14.2.1: Solution, 1 paragraph(s)",
    "Exercise 14.2.1: Answer, 1 paragraph(s)",
    "Example 14.2.2: Solution, 5 paragraph(s)",
    "Exercise 14.2.2: Answer, 2 paragraph(s)",
  ],
  "beginning-chemistry 14.3": [
    "Example 14.3.1: Solution, 5 paragraph(s)",
    "Exercise 14.3.1: Answer, 1 paragraph(s)",
    "Example 14.3.2: Solution, 12 paragraph(s)",
    "Exercise 14.3.2: Answer, 1 paragraph(s)",
    "Example 14.3.3: Solution, 31 paragraph(s)",
    "Exercise 14.3.3: Answer, 1 paragraph(s)",
  ],
  "beginning-chemistry 14.4": [
    "Example 14.4.1: Solution, 3 paragraph(s)",
    "Exercise 14.4.1: Answer, 1 paragraph(s)",
    "Example 14.4.2: Solution, 8 paragraph(s)",
    "Exercise 14.4.2: Answer, 1 paragraph(s)",
  ],
  "beginning-chemistry 15.2": [
    "Example 15.2.1: Solution, 6 paragraph(s)",
    "Exercise 15.2.2: Answer, 3 paragraph(s)",
    "Example 15.2.3: Solution, 8 paragraph(s)",
    "Exercise 15.2.4: Answer, 1 paragraph(s)",
  ],
  "beginning-chemistry 15.3": [
    "Example 15.3.1: Solution, 5 paragraph(s)",
    "Exercise 15.3.1: Answer, 1 paragraph(s)",
    "Example 15.3.2: Solution, 6 paragraph(s)",
    "Exercise 15.3.2: Answer, 1 paragraph(s)",
  ],
  "beginning-chemistry 15.4": [
    "Example 15.4.1: Solution, 4 paragraph(s)",
    "Exercise 15.4.1: Answer, 1 paragraph(s)",
    "Example 15.4.2: Solution, 11 paragraph(s)",
    "Exercise 15.4.2: Answer, 1 paragraph(s)",
  ],
  "beginning-chemistry 15.6": [
    "Example : Solution, 7 paragraph(s)",
    "Exercise 15.6.1: Answer, 2 paragraph(s)",
    "Example : Solution, 11 paragraph(s)",
    "Exercise 15.6.2: Answer, 1 paragraph(s)",
  ],
  "beginning-chemistry 16.2": [
    "Example 16.2.1: Solution, 1 paragraph(s)",
    "Exercise 16.2.1: Answer, 1 paragraph(s)",
    "Exercise 16.2.2: Answers, 1 paragraph(s)",
  ],
  "beginning-chemistry 16.3": [
    "Example 16.3.1: Solution, 1 paragraph(s)",
    "Exercise 16.3.1: Answer, 1 paragraph(s)",
    "Example 16.3.2: Solution, 1 paragraph(s)",
    "Exercise 16.3.2: Answer, 1 paragraph(s)",
    "Example 16.3.3: Solution, 1 paragraph(s)",
    "Exercise 16.3.3: Answer, 1 paragraph(s)",
    "Example 16.3.4: Solution, 4 paragraph(s)",
    "Exercise 16.3.4: Answer, 1 paragraph(s)",
    "Exercise 16.3.5: Answers, 3 paragraph(s)",
  ],
  "beginning-chemistry 16.4": [
    "Example 16.4.1: Solution, 1 paragraph(s)",
    "Exercise 16.4.1: Answer, 1 paragraph(s)",
    "Example 16.4.2: Solution, 1 paragraph(s)",
    "Exercise 16.4.2: Answer, 1 paragraph(s)",
    "Example 16.4.3: Solution, 3 paragraph(s)",
    "Exercise 16.4.3: Answer, 1 paragraph(s)",
    "Exercise 16.4.4: Answers, 1 paragraph(s)",
  ],
  "beginning-chemistry 16.5": [
    "Example 16.5.1: Solution, 2 paragraph(s)",
    "Example 16.5.2: Solution, 3 paragraph(s)",
    "Exercise 16.5.1: Answer, 1 paragraph(s)",
    "Exercise 16.5.2: Answers, 1 paragraph(s)",
  ],
  "beginning-chemistry 16.6": [
    "Example 16.6.1: Solution, 1 paragraph(s)",
    "Exercise 16.6.1: Answer, 1 paragraph(s)",
    "Example 16.6.2: Solution, 4 paragraph(s)",
    "Exercise 16.6.2: Answer, 1 paragraph(s)",
    "Exercise 16.6.3: Answers, 2 paragraph(s)",
  ],
  "beginning-chemistry 16.7": [
    "Example 16.7.1: Solution, 2 paragraph(s)",
    "Exercise 16.7.1: Answer, 1 paragraph(s)",
    "Exercise 16.7.2: Answers, 2 paragraph(s)",
  ],
  "beginning-chemistry 2.2": [
    "Example 2.2.1: Solution, 1 paragraph(s)",
    "Exercise 2.2.1: Answers, 4 paragraph(s)",
  ],
  "beginning-chemistry 2.3": [
    "Example 2.3.1: Solution, 1 paragraph(s)",
    "Exercise 2.3.1: Answers, 4 paragraph(s)",
  ],
  "beginning-chemistry 2.4": [
    "Example 2.4.1: Solution, 1 paragraph(s)",
    "Exercise 2.4.1: Answer, 1 paragraph(s)",
    "Example 2.4.2: Solution, 1 paragraph(s)",
    "Exercise 2.4.2: Answers, 4 paragraph(s)",
    "Example 2.4.3: Solution, 1 paragraph(s)",
    "Exercise 2.4.3: Answer, 1 paragraph(s)",
    "Example 2.4.4: Solution, 1 paragraph(s)",
    "Exercise 2.4.4: Answers, 4 paragraph(s)",
  ],
  "beginning-chemistry 2.5": [
    "Example 2.5.1: Solution, 7 paragraph(s)",
    "Exercise 2.5.1: Answers, 4 paragraph(s)",
    "Example 2.5.2: Solution, 3 paragraph(s)",
    "Exercise 2.5.2: Answer, 1 paragraph(s)",
    "Example 2.5.3: Solution, 3 paragraph(s)",
    "Exercise 2.5.3: Answer, 3 paragraph(s)",
    "Example 2.5.4: Solution, 2 paragraph(s)",
    "Exercise 2.5.4: Answer, 1 paragraph(s)",
    "Example 2.5.5: Solution, 3 paragraph(s)",
    "Exercise 2.5.5: Answer, 1 paragraph(s)",
  ],
  "beginning-chemistry 2.6": [
    "Example 2.6.1: Solution, 4 paragraph(s)",
    "Exercise 2.6.1: Answers, 4 paragraph(s)",
    "Exercise 2.6.2: Answer, 1 paragraph(s)",
    "Exercise 2.6.3: Answer, 1 paragraph(s)",
    "Exercise 2.6.4: Answer, 1 paragraph(s)",
  ],
  "beginning-chemistry 3.2": [
    "Example 3.2.1: Solution, 1 paragraph(s)",
    "Exercise 3.2.1: Answer, 1 paragraph(s)",
    "Example 3.2.2: Solution, 1 paragraph(s)",
    "Exercise 3.2.2: Answer, 1 paragraph(s)",
  ],
  "beginning-chemistry 3.3": [
    "Example 3.3.1: Solution, 1 paragraph(s)",
    "Exercise 3.3.1: Answers, 4 paragraph(s)",
    "Example 3.3.2: Solution, 1 paragraph(s)",
    "Exercise 3.3.2: Answers, 4 paragraph(s)",
  ],
  "beginning-chemistry 3.4": [
    "Example 3.4.1: Solution, 5 paragraph(s)",
    "Exercise 3.4.1: Answers, 4 paragraph(s)",
  ],
  "beginning-chemistry 3.5": [
    "Example 3.5.1: Solution, 1 paragraph(s)",
    "Exercise 3.5.1: Answers, 1 paragraph(s)",
    "Example 3.5.2: Solution, 1 paragraph(s)",
    "Exercise 3.5.2: Answers, 1 paragraph(s)",
    "Example 3.5.3: Solution, 1 paragraph(s)",
    "Example 3.5.4: Solution, 1 paragraph(s)",
    "Exercise 3.5.4: Answers, 1 paragraph(s)",
  ],
  "beginning-chemistry 3.6": [
    "Example 3.6.1: Solution, 1 paragraph(s)",
    "Exercise 3.6.1: Answers, 4 paragraph(s)",
  ],
  "beginning-chemistry 4.2": [
    "Example 4.2.1: Solution, 1 paragraph(s)",
    "Exercise 4.2.1: Answer, 1 paragraph(s)",
  ],
  "beginning-chemistry 4.3": [
    "Example 4.3.1: Solution, 1 paragraph(s)",
    "Exercise 4.3.1: Answer, 1 paragraph(s)",
    "Example 4.3.2: Solution, 1 paragraph(s)",
    "Exercise 4.3.2: Answer, 1 paragraph(s)",
    "Example 4.3.3: Solution, 1 paragraph(s)",
    "Exercise 4.3.3: Answer, 1 paragraph(s)",
    "Example 4.3.4: Solution, 1 paragraph(s)",
    "Exercise 4.3.4: Answer, 1 paragraph(s)",
  ],
  "beginning-chemistry 4.4": [
    "Example 4.4.1: Solution, 1 paragraph(s)",
    "Exercise 4.4.1: Answer, 1 paragraph(s)",
    "Example 4.4.1: Solution, 2 paragraph(s)",
    "Exercise 4.4.1: Answer, 1 paragraph(s)",
    "Example 4.4.1: Solution, 9 paragraph(s)",
    "Exercise 4.4.1: Answer, 1 paragraph(s)",
  ],
  "beginning-chemistry 4.5": [
    "Example 4.5.1: Solution, 1 paragraph(s)",
    "Exercise 4.5.1: Answer, 1 paragraph(s)",
    "Exercise 4.5.2: Answer, 1 paragraph(s)",
  ],
  "beginning-chemistry 4.6": [
    "Example 4.6.1: Solution, 3 paragraph(s)",
    "Exercise 4.6.1: Answer, 2 paragraph(s)",
    "Example 4.6.2: Solution, 3 paragraph(s)",
    "Exercise 4.6.2: Answer, 1 paragraph(s)",
  ],
  "beginning-chemistry 4.7": [
    "Example 4.7.1: Solution, 1 paragraph(s)",
    "Exercise 4.7.1: Answer, 1 paragraph(s)",
    "Example 4.7.2: Solution, 5 paragraph(s)",
    "Exercise 4.7.2: Answer, 2 paragraph(s)",
  ],
  "beginning-chemistry 5.2": [
    "Example 5.2.1: Solution, 5 paragraph(s)",
    "Exercise 5.2.1: Answer, 1 paragraph(s)",
    "Example 5.2.2: Solution, 3 paragraph(s)",
    "Exercise 5.2.2: Answer, 1 paragraph(s)",
  ],
  "beginning-chemistry 5.3": [
    "Example 5.3.1: Solution, 4 paragraph(s)",
    "Exercise 5.3.1: Answer, 1 paragraph(s)",
    "Example 5.3.2: Solution, 3 paragraph(s)",
    "Exercise 5.3.2: Answer, 1 paragraph(s)",
    "Example 5.3.3: Solution, 2 paragraph(s)",
    "Exercise 5.3.3: Answer, 1 paragraph(s)",
    "Example 5.3.4: Solution, 4 paragraph(s)",
    "Exercise 5.3.4: Answer, 1 paragraph(s)",
    "Example 5.3.5: Solution, 2 paragraph(s)",
    "Exercise 5.3.5: Answer, 1 paragraph(s)",
  ],
  "beginning-chemistry 5.4": [
    "Example 5.4.1: Solution, 1 paragraph(s)",
    "Exercise 5.4.1: Answer, 1 paragraph(s)",
    "Example 5.4.2: Solution, 5 paragraph(s)",
    "Exercise 5.4.2: Answer, 1 paragraph(s)",
  ],
  "beginning-chemistry 5.5": [
    "Example 5.5.1: Solution, 10 paragraph(s)",
    "Exercise 5.5.1: Answer, 1 paragraph(s)",
    "Example 5.5.2: Solution, 4 paragraph(s)",
    "Exercise 5.5.2: Answer, 1 paragraph(s)",
    "Example 5.5.3: Solution, 4 paragraph(s)",
    "Exercise 5.5.3: Answer, 1 paragraph(s)",
  ],
  "beginning-chemistry 5.6": [
    "Example 5.6.1: Solution, 6 paragraph(s)",
    "Exercise 5.6.1: Answer, 1 paragraph(s)",
  ],
  "beginning-chemistry 5.7": [
    "Example 5.7.1: Solution, 8 paragraph(s)",
    "Exercise 5.7.1: Answer, 1 paragraph(s)",
  ],
  "beginning-chemistry 6.3": [
    "Example 6.3.1: Solution, 4 paragraph(s)",
    "Exercise 6.3.1: Answer, 1 paragraph(s)",
    "Example 6.3.2: Solution, 3 paragraph(s)",
    "Exercise 6.3.2: Answer, 1 paragraph(s)",
  ],
  "beginning-chemistry 6.4": [
    "Example 6.4.1: Solution, 14 paragraph(s)",
    "Exercise 6.4.1: Answer, 1 paragraph(s)",
    "Example 6.4.2: Solution, 7 paragraph(s)",
    "Exercise 6.4.2: Answer, 1 paragraph(s)",
    "Example 6.4.3: Solution, 9 paragraph(s)",
    "Exercise 6.4.3: Answer, 1 paragraph(s)",
    "Example 6.4.4: Solution, 8 paragraph(s)",
    "Exercise 6.4.4: Answer, 1 paragraph(s)",
  ],
  "beginning-chemistry 6.5": [
    "Example 6.5.1: Solution, 6 paragraph(s)",
    "Exercise 6.5.1: Answer, 1 paragraph(s)",
    "Example 6.5.2: Solution, 7 paragraph(s)",
    "Exercise 6.5.2: Answer, 1 paragraph(s)",
  ],
  "beginning-chemistry 6.6": [
    "Example 6.6.1: Solution, 7 paragraph(s)",
    "Exercise 6.6.1: Answer, 1 paragraph(s)",
    "Example 6.6.2: Solution, 8 paragraph(s)",
    "Exercise 6.6.2: Answer, 1 paragraph(s)",
    "Example 6.6.3: Solution, 5 paragraph(s)",
    "Exercise 6.6.3: Answer, 1 paragraph(s)",
    "Example 6.6.4: Solution, 2 paragraph(s)",
    "Exercise 6.6.4: Answer, 1 paragraph(s)",
    "Example 6.6.5: Solution, 5 paragraph(s)",
    "Exercise 6.6.5: Answer, 1 paragraph(s)",
    "Example 6.6.6: Solution, 8 paragraph(s)",
    "Exercise 6.6.6: Answer, 1 paragraph(s)",
  ],
  "beginning-chemistry 6.7": [
    "Example 6.7.1: Solution, 3 paragraph(s)",
    "Exercise 6.7.1: Answer, 1 paragraph(s)",
    "Example 6.7.2: Solution, 7 paragraph(s)",
    "Exercise 6.7.2: Answer, 1 paragraph(s)",
    "Example 6.7.3: Solution, 9 paragraph(s)",
    "Exercise 6.7.1: Answer, 1 paragraph(s)",
    "Example 6.7.4: Solution, 6 paragraph(s)",
  ],
  "beginning-chemistry 7.2": [
    "Example 7.2.1: Solution, 2 paragraph(s)",
    "Exercise 7.2.1: Answer, 1 paragraph(s)",
  ],
  "beginning-chemistry 7.3": [
    "Example 7.3.1: Solution, 7 paragraph(s)",
    "Exercise 7.3.1: Answer, 1 paragraph(s)",
    "Example 7.3.2: Solution, 5 paragraph(s)",
    "Exercise 7.3.2: Answer, 1 paragraph(s)",
    "Example 7.3.3: Solution, 6 paragraph(s)",
    "Exercise 7.3.3: Answer, 1 paragraph(s)",
  ],
  "beginning-chemistry 7.4": [
    "Example 7.4.1: Solution, 2 paragraph(s)",
    "Exercise 7.4.1: Answer, 1 paragraph(s)",
    "Example 7.4.2: Solution, 1 paragraph(s)",
    "Exercise 7.4.2: Answer, 1 paragraph(s)",
    "Example 7.4.3: Solution, 9 paragraph(s)",
    "Exercise 7.4.3: Answer, 1 paragraph(s)",
  ],
  "beginning-chemistry 7.5": [
    "Example 7.5.1: Solution, 2 paragraph(s)",
    "Exercise 7.5.1: Answer, 1 paragraph(s)",
    "Example 7.5.1: Solution, 2 paragraph(s)",
    "Exercise 7.5.1: Answer, 1 paragraph(s)",
  ],
  "beginning-chemistry 7.6": [
    "Example 7.6.1: Solution, 13 paragraph(s)",
    "Exercise 7.6.1: Answer, 1 paragraph(s)",
  ],
  "beginning-chemistry 7.7": [
    "Example 7.7.1: Solution, 1 paragraph(s)",
    "Exercise 7.7.1: Answer, 1 paragraph(s)",
    "Example 7.7.2: Solution, 2 paragraph(s)",
    "Exercise 7.7.2: Answer, 1 paragraph(s)",
    "Example 7.7.3: Solution, 6 paragraph(s)",
    "Exercise 7.7.3: Answer, 2 paragraph(s)",
    "Example 7.7.4: Solution, 4 paragraph(s)",
    "Exercise 7.7.4: Answer, 1 paragraph(s)",
  ],
  "beginning-chemistry 8.2": [
    "Example 8.2.1: Solution, 5 paragraph(s)",
    "Exercise 8.2.1: Answer, 1 paragraph(s)",
    "Example 8.2.2: Solution, 5 paragraph(s)",
    "Exercise 8.2.2: Answer, 1 paragraph(s)",
  ],
  "beginning-chemistry 8.3": [
    "Example 8.3.1: Solution, 1 paragraph(s)",
    "Exercise 8.3.1: Answers, 1 paragraph(s)",
  ],
  "beginning-chemistry 8.4": [
    "Example 8.4.1: Solution, 1 paragraph(s)",
    "Exercise 8.4.1: Answer, 1 paragraph(s)",
    "Example 8.4.2: Solution, 1 paragraph(s)",
    "Exercise 8.4.2: Answer, 1 paragraph(s)",
    "Example 8.4.3: Solution, 3 paragraph(s)",
    "Exercise 8.4.3: Answer, 1 paragraph(s)",
    "Example 8.4.4: Solution, 4 paragraph(s)",
    "Exercise 8.4.4: Answer, 1 paragraph(s)",
  ],
  "beginning-chemistry 8.5": [
    "Example 8.5.1: Solution, 1 paragraph(s)",
    "Exercise 8.5.1: Answers, 5 paragraph(s)",
  ],
  "beginning-chemistry 8.6": [
    "Example 8.6.1: Solution, 1 paragraph(s)",
    "Exercise 8.6.1: Answer, 1 paragraph(s)",
    "Example 8.6.2: Solution, 2 paragraph(s)",
    "Exercise 8.6.2: Answer, 1 paragraph(s)",
    "Example 8.6.3: Solution, 1 paragraph(s)",
    "Exercise 8.6.3: Answer, 1 paragraph(s)",
  ],
  "beginning-chemistry 9.2": [
    "Example 9.2.1: Solution, 4 paragraph(s)",
    "Exercise 9.2.1: Answer, 2 paragraph(s)",
    "Example 9.2.2: Solution, 2 paragraph(s)",
    "Exercise 9.2.2: Answer, 1 paragraph(s)",
  ],
  "beginning-chemistry 9.3": [
    "Example 9.3.1: Solution, 3 paragraph(s)",
    "Exercise 9.3.1: Answer, 1 paragraph(s)",
  ],
  "beginning-chemistry 9.4": [
    "Example 9.4.1: Solution, 4 paragraph(s)",
    "Exercise 9.4.1: Answer, 1 paragraph(s)",
    "Example 9.4.2: Solution, 4 paragraph(s)",
    "Exercise 9.4.2: Answer, 1 paragraph(s)",
    "Example 9.4.3: Solution, 5 paragraph(s)",
    "Exercise 9.4.3: Answer, 1 paragraph(s)",
  ],
  "beginning-chemistry 9.5": [
    "Example 9.5.1: Solution, 3 paragraph(s)",
    "Exercise 9.5.1: Answers, 4 paragraph(s)",
    "Example 9.5.1: Solution, 5 paragraph(s)",
  ],
  "beginning-chemistry 9.6": [
    "Example 9.6.1: Solution, 4 paragraph(s)",
    "Exercise 9.6.1: Answer, 2 paragraph(s)",
  ],
  "beginning-chemistry 9.7": [
    "Example 9.7.1: Solution, 9 paragraph(s)",
    "Exercise 9.7.1: Answer, 1 paragraph(s)",
  ],
  "organic-chemistry 1.10": [
    "Exercise 1.10.1: Answer, 1 paragraph(s)",
  ],
  "organic-chemistry 1.12": [
    "Example 1.12.1: Solution, 1 paragraph(s)",
    "Exercise 1.12.1: Answer, 1 paragraph(s)",
    "Exercise 1.12.2: Answer, 8 paragraph(s)",
    "Exercise 1.12.3: Answer, 1 paragraph(s)",
  ],
  "organic-chemistry 1.3": [
    "Exercise 1.3.1: Answer, 1 paragraph(s)",
    "Exercise 1.3.2: Answer, 1 paragraph(s)",
  ],
  "organic-chemistry 1.4": [
    "Example 1.4.1: Solution, 1 paragraph(s)",
    "Example 1.4.2: Solution, 2 paragraph(s)",
    "Exercise 1.4.1: Answer, 1 paragraph(s)",
    "Exercise 1.4.2: Answer, 1 paragraph(s)",
    "Exercise 1.4.3: Answer, 1 paragraph(s)",
    "Exercise 1.4.4: Answer, 1 paragraph(s)",
    "Exercise 1.4.5: Answer, 1 paragraph(s)",
  ],
  "organic-chemistry 1.7": [
    "Exercise 1.7.1: Answer, 1 paragraph(s)",
    "Exercise 1.7.2: Answer, 1 paragraph(s)",
  ],
  "organic-chemistry 1.8": [
    "Example 1.8.1: Solution, 2 paragraph(s)",
    "Exercise 1.8.1: Answer, 1 paragraph(s)",
    "Exercise 1.8.2: Answer, 1 paragraph(s)",
    "Exercise 1.8.3: Answer, 1 paragraph(s)",
  ],
  "organic-chemistry 1.9": [
    "Exercise 1.9.1: Answer, 1 paragraph(s)",
  ],
}
`;
